-- Test for pglinter B004 rule: Unused indexes detection
-- This script creates tables with both used and unused indexes
-- to demonstrate the B004 rule detection of indexes that are never scanned
-- Table : table_with_mixed_index_usage
DROP TABLE IF EXISTS customer_analytics;
NOTICE:  table "customer_analytics" does not exist, skipping
CREATE TABLE customer_analytics (
    id SERIAL PRIMARY KEY,
    customer_id INTEGER NOT NULL,
    page_views INTEGER DEFAULT 0,
    session_duration INTEGER DEFAULT 0,
    last_login TIMESTAMP,
    device_type VARCHAR(50),
    browser VARCHAR(50),
    ip_address INET,
    created_at TIMESTAMP DEFAULT CURRENT_TIMESTAMP
);
-- Mix of used and unused indexes
CREATE INDEX idx_analytics_customer_id ON customer_analytics (customer_id);     -- Will be used
CREATE INDEX idx_analytics_last_login ON customer_analytics (last_login);       -- Will be used
CREATE INDEX idx_analytics_device_type ON customer_analytics (device_type);     -- Will NOT be used
CREATE INDEX idx_analytics_browser ON customer_analytics (browser);             -- Will NOT be used
CREATE INDEX idx_analytics_ip_address ON customer_analytics (ip_address);       -- Will NOT be used
-- Insert large amount of analytics data
INSERT INTO customer_analytics (customer_id, page_views, session_duration, last_login, device_type, browser)
SELECT
    (i % 5) + 1,  -- customer_id (1-5)
    i % 100 + 10,  -- page_views (10-109)
    (i % 3600) + 300,  -- session_duration (300-3899 seconds)
    '2024-01-01'::timestamp + (i || ' seconds')::interval,  -- varying dates
    CASE (i % 4)
        WHEN 0 THEN 'desktop'
        WHEN 1 THEN 'mobile'
        WHEN 2 THEN 'tablet'
        ELSE 'laptop'
    END,
    CASE (i % 3)
        WHEN 0 THEN 'chrome'
        WHEN 1 THEN 'firefox'
        ELSE 'safari'
    END
FROM generate_series(1, 22000) i;
-- Reset statistics to start fresh
SELECT pg_stat_reset();
 pg_stat_reset 
---------------
 
(1 row)

-- Update table statistics
ANALYZE customer_analytics;
-- Use some indexes on customer_analytics (mixed usage)
SELECT COUNT(*) FROM customer_analytics WHERE customer_id = 1;
 count 
-------
  4400
(1 row)

SELECT COUNT(*) FROM customer_analytics WHERE customer_id = 2;
 count 
-------
  4400
(1 row)

SELECT COUNT(*) FROM customer_analytics WHERE customer_id IN (1,2,3);
 count 
-------
 13200
(1 row)

SELECT * FROM customer_analytics WHERE customer_id = 1 ORDER BY id LIMIT 10;
 id | customer_id | page_views | session_duration |        last_login        | device_type | browser | ip_address |           created_at            
----+-------------+------------+------------------+--------------------------+-------------+---------+------------+---------------------------------
  5 |           1 |         15 |              305 | Mon Jan 01 00:00:05 2024 | mobile      | safari  |            | Sun Sep 14 00:32:37.563266 2025
 10 |           1 |         20 |              310 | Mon Jan 01 00:00:10 2024 | tablet      | firefox |            | Sun Sep 14 00:32:37.563266 2025
 15 |           1 |         25 |              315 | Mon Jan 01 00:00:15 2024 | laptop      | chrome  |            | Sun Sep 14 00:32:37.563266 2025
 20 |           1 |         30 |              320 | Mon Jan 01 00:00:20 2024 | desktop     | safari  |            | Sun Sep 14 00:32:37.563266 2025
 25 |           1 |         35 |              325 | Mon Jan 01 00:00:25 2024 | mobile      | firefox |            | Sun Sep 14 00:32:37.563266 2025
 30 |           1 |         40 |              330 | Mon Jan 01 00:00:30 2024 | tablet      | chrome  |            | Sun Sep 14 00:32:37.563266 2025
 35 |           1 |         45 |              335 | Mon Jan 01 00:00:35 2024 | laptop      | safari  |            | Sun Sep 14 00:32:37.563266 2025
 40 |           1 |         50 |              340 | Mon Jan 01 00:00:40 2024 | desktop     | firefox |            | Sun Sep 14 00:32:37.563266 2025
 45 |           1 |         55 |              345 | Mon Jan 01 00:00:45 2024 | mobile      | chrome  |            | Sun Sep 14 00:32:37.563266 2025
 50 |           1 |         60 |              350 | Mon Jan 01 00:00:50 2024 | tablet      | safari  |            | Sun Sep 14 00:32:37.563266 2025
(10 rows)

-- Do not use indexes
SELECT COUNT(*) FROM customer_analytics WHERE last_login > '2024-01-01';
 count 
-------
 22000
(1 row)

SELECT COUNT(*) FROM customer_analytics WHERE last_login > '2024-01-15';
 count 
-------
     0
(1 row)

SELECT COUNT(*) FROM customer_analytics WHERE last_login BETWEEN '2024-01-01' AND '2024-01-20';
 count 
-------
 22000
(1 row)

SELECT * FROM customer_analytics WHERE last_login > '2024-01-01' ORDER BY last_login LIMIT 10;
 id | customer_id | page_views | session_duration |        last_login        | device_type | browser | ip_address |           created_at            
----+-------------+------------+------------------+--------------------------+-------------+---------+------------+---------------------------------
  1 |           2 |         11 |              301 | Mon Jan 01 00:00:01 2024 | mobile      | firefox |            | Sun Sep 14 00:32:37.563266 2025
  2 |           3 |         12 |              302 | Mon Jan 01 00:00:02 2024 | tablet      | safari  |            | Sun Sep 14 00:32:37.563266 2025
  3 |           4 |         13 |              303 | Mon Jan 01 00:00:03 2024 | laptop      | chrome  |            | Sun Sep 14 00:32:37.563266 2025
  4 |           5 |         14 |              304 | Mon Jan 01 00:00:04 2024 | desktop     | firefox |            | Sun Sep 14 00:32:37.563266 2025
  5 |           1 |         15 |              305 | Mon Jan 01 00:00:05 2024 | mobile      | safari  |            | Sun Sep 14 00:32:37.563266 2025
  6 |           2 |         16 |              306 | Mon Jan 01 00:00:06 2024 | tablet      | chrome  |            | Sun Sep 14 00:32:37.563266 2025
  7 |           3 |         17 |              307 | Mon Jan 01 00:00:07 2024 | laptop      | firefox |            | Sun Sep 14 00:32:37.563266 2025
  8 |           4 |         18 |              308 | Mon Jan 01 00:00:08 2024 | desktop     | safari  |            | Sun Sep 14 00:32:37.563266 2025
  9 |           5 |         19 |              309 | Mon Jan 01 00:00:09 2024 | mobile      | chrome  |            | Sun Sep 14 00:32:37.563266 2025
 10 |           1 |         20 |              310 | Mon Jan 01 00:00:10 2024 | tablet      | firefox |            | Sun Sep 14 00:32:37.563266 2025
(10 rows)

-- Update statistics after usage
-- Update table statistics
ANALYZE customer_analytics;
-- Give some time....
SELECT pg_sleep(5);
 pg_sleep 
----------
 
(1 row)

-- Create the extension and test B004 rule
DROP EXTENSION IF EXISTS pglinter CASCADE;
NOTICE:  extension "pglinter" does not exist, skipping
CREATE EXTENSION IF NOT EXISTS pglinter;
SELECT 'Testing B004 rule - Unused indexes detection...' as test_info;
                    test_info                    
-------------------------------------------------
 Testing B004 rule - Unused indexes detection...
(1 row)

-- First, disable all rules to isolate B004 testing
SELECT pglinter.disable_all_rules() AS all_rules_disabled;
NOTICE:  üî¥ Disabled 22 rule(s)
 all_rules_disabled 
--------------------
                 22
(1 row)

-- Enable only B004 for focused testing
SELECT pglinter.enable_rule('B004') AS b004_enabled;
NOTICE:  ‚úÖ Rule B004 has been enabled
 b004_enabled 
--------------
 t
(1 row)

-- Verify B004 is enabled
SELECT pglinter.is_rule_enabled('B004') AS b004_status;
 b004_status 
-------------
 t
(1 row)

-- Run base check to detect B004 violations
-- Expected result: Should detect unused indexes with idx_scan = 0
SELECT 'Running base check to detect B004 violations...' as status;
                     status                      
-------------------------------------------------
 Running base check to detect B004 violations...
(1 row)

SELECT pglinter.perform_base_check();
NOTICE:  üîç pglinter found 1 issue(s):
NOTICE:  ==================================================
NOTICE:  ‚ö†Ô∏è  [B004] WARNING: 3 unused index exceed the warning threshold: 20%.
NOTICE:  ==================================================
NOTICE:  üìä Summary: 0 error(s), 1 warning(s), 0 info
NOTICE:  üü° Some warnings found - consider reviewing for optimization
 perform_base_check 
--------------------
 t
(1 row)

-- Test rule management for B004
SELECT 'Testing B004 rule management...' as test_section;
          test_section           
---------------------------------
 Testing B004 rule management...
(1 row)

SELECT pglinter.explain_rule('B004');
NOTICE:  üìñ Rule Explanation for B004
============================================================

üéØ Rule Name: HowManyUnusedIndex
üìã Scope: BASE

üìù Description:
Count number of unused index vs nb index (base on pg_stat_user_indexes, indexes associated to unique constraints are discard.)

‚ö†Ô∏è  Message Template:
{0} unused index exceed the warning threshold: {1}%.

üîß How to Fix:
   1. remove unused index or change warning/error threshold
============================================================
 explain_rule 
--------------
 t
(1 row)

-- Drop some unused indexes to show improvement
DROP INDEX idx_analytics_device_type;
-- Update table statistics
ANALYZE customer_analytics;
-- Give some time....
SELECT pg_sleep(5);
 pg_sleep 
----------
 
(1 row)

-- Run B004 check again (should show fewer violations)
SELECT 'Running B004 check after dropping some unused indexes (should show fewer violations):' as test_info;
                                       test_info                                       
---------------------------------------------------------------------------------------
 Running B004 check after dropping some unused indexes (should show fewer violations):
(1 row)

SELECT pglinter.perform_base_check();
NOTICE:  üîç pglinter found 1 issue(s):
NOTICE:  ==================================================
NOTICE:  ‚ö†Ô∏è  [B004] WARNING: 2 unused index exceed the warning threshold: 20%.
NOTICE:  ==================================================
NOTICE:  üìä Summary: 0 error(s), 1 warning(s), 0 info
NOTICE:  üü° Some warnings found - consider reviewing for optimization
 perform_base_check 
--------------------
 t
(1 row)

-- Update B004 thresholds to demonstrate message formatting
SELECT pglinter.update_rule_levels('B004', 60, 90);
NOTICE:  ‚úÖ Updated rule B004 levels: warning=60, error=90
 update_rule_levels 
--------------------
 t
(1 row)

-- Final demonstration with current state
SELECT 'Final B004 (base check) - Shows percentage-based unused index analysis:' as b004_demo;
                                b004_demo                                
-------------------------------------------------------------------------
 Final B004 (base check) - Shows percentage-based unused index analysis:
(1 row)

SELECT pglinter.perform_base_check();
NOTICE:  ‚úÖ No issues found - database schema looks good!
 perform_base_check 
--------------------
 t
(1 row)

DROP TABLE customer_analytics;
