-- Comprehensive test for pglinter C001 rule: Memory configuration check
-- This script tests various memory configuration scenarios by changing work_mem session settings
BEGIN;
-- Create the extension and test C001 rule
DROP EXTENSION IF EXISTS pglinter CASCADE;
CREATE EXTENSION IF NOT EXISTS pglinter;
SELECT 'Testing C001 rule - Memory configuration safety checks with session changes...' as test_info;
                                   test_info                                    
--------------------------------------------------------------------------------
 Testing C001 rule - Memory configuration safety checks with session changes...
(1 row)

-- First, disable all rules to isolate C001 testing
SELECT pglinter.disable_all_rules() AS all_rules_disabled;
NOTICE:  🔴 Disabled 21 rule(s)
 all_rules_disabled 
--------------------
                 21
(1 row)

-- Enable only C001 for focused testing
SELECT pglinter.enable_rule('C001') AS c001_enabled;
NOTICE:  ✅ Rule C001 has been enabled
 c001_enabled 
--------------
 t
(1 row)

-- Verify C001 is enabled
SELECT pglinter.is_rule_enabled('C001') AS c001_status;
 c001_status 
-------------
 t
(1 row)

-- Test 1: Baseline - Current system configuration
SELECT '=== Test 1: Baseline Configuration ===' as test_section;
              test_section              
----------------------------------------
 === Test 1: Baseline Configuration ===
(1 row)

SELECT current_setting('max_connections')::int as original_max_connections,
       current_setting('work_mem') as original_work_mem;
 original_max_connections | original_work_mem 
--------------------------+-------------------
                      100 | 4MB
(1 row)

SELECT pglinter.perform_cluster_check();
NOTICE:  ✅ No issues found - database schema looks good!
 perform_cluster_check 
-----------------------
 t
(1 row)

-- Test 2: CRITICAL scenario - Should trigger ERROR (>8GB potential)
SELECT '=== Test 2: CRITICAL Scenario (Expected: ERROR) ===' as test_section;
                    test_section                     
-----------------------------------------------------
 === Test 2: CRITICAL Scenario (Expected: ERROR) ===
(1 row)

-- Calculate work_mem needed to exceed 8GB with current max_connections
WITH current_config AS (
    SELECT current_setting('max_connections')::int as max_conn
)
SELECT 'Using current max_connections: ' || max_conn ||
       '. Setting work_mem to create >8GB potential usage.' as info
FROM current_config;
                                         info                                         
--------------------------------------------------------------------------------------
 Using current max_connections: 100. Setting work_mem to create >8GB potential usage.
(1 row)

SET work_mem = '512MB'; -- This should trigger ERROR with most reasonable max_connections values
SELECT 'Configuration: ' || current_setting('max_connections') || ' connections × 512MB = ' ||
       (current_setting('max_connections')::int * 512 * 4) || 'MB (' ||
       ROUND((current_setting('max_connections')::int * 512 * 4)::numeric / 1024, 1) || 'GB) potential' as calculation;
                              calculation                              
-----------------------------------------------------------------------
 Configuration: 100 connections × 512MB = 204800MB (200.0GB) potential
(1 row)

SELECT current_setting('max_connections')::int as test_max_connections,
       current_setting('work_mem') as test_work_mem;
 test_max_connections | test_work_mem 
----------------------+---------------
                  100 | 512MB
(1 row)

SELECT pglinter.perform_cluster_check();
NOTICE:  🔍 pglinter found 1 issue(s):
NOTICE:  ==================================================
NOTICE:  ❌ [C001] ERROR: CRITICAL: Potential memory usage > 8GB (204800MB). max_connections(100) * work_mem(512MB) * 4 operations = 204800MB. Risk of out-of-memory errors.
NOTICE:  ==================================================
NOTICE:  📊 Summary: 1 error(s), 0 warning(s), 0 info
NOTICE:  🔴 Critical issues found - please review and fix errors
 perform_cluster_check 
-----------------------
 t
(1 row)

-- Test 3: HIGH scenario - Should trigger WARNING (>4GB potential)
SELECT '=== Test 3: HIGH Scenario (Expected: WARNING) ===' as test_section;
                   test_section                    
---------------------------------------------------
 === Test 3: HIGH Scenario (Expected: WARNING) ===
(1 row)

SET work_mem = '128MB'; -- Should trigger WARNING for most configurations
SELECT 'Configuration: ' || current_setting('max_connections') || ' connections × 128MB = ' ||
       (current_setting('max_connections')::int * 128 * 4) || 'MB (' ||
       ROUND((current_setting('max_connections')::int * 128 * 4)::numeric / 1024, 1) || 'GB) potential' as calculation;
                             calculation                             
---------------------------------------------------------------------
 Configuration: 100 connections × 128MB = 51200MB (50.0GB) potential
(1 row)

SELECT current_setting('max_connections')::int as test_max_connections,
       current_setting('work_mem') as test_work_mem;
 test_max_connections | test_work_mem 
----------------------+---------------
                  100 | 128MB
(1 row)

SELECT pglinter.perform_cluster_check();
NOTICE:  🔍 pglinter found 1 issue(s):
NOTICE:  ==================================================
NOTICE:  ❌ [C001] ERROR: CRITICAL: Potential memory usage > 8GB (51200MB). max_connections(100) * work_mem(128MB) * 4 operations = 51200MB. Risk of out-of-memory errors.
NOTICE:  ==================================================
NOTICE:  📊 Summary: 1 error(s), 0 warning(s), 0 info
NOTICE:  🔴 Critical issues found - please review and fix errors
 perform_cluster_check 
-----------------------
 t
(1 row)

-- Test 4: MODERATE scenario - Should trigger WARNING (>2GB potential)
SELECT '=== Test 4: MODERATE Scenario (Expected: WARNING) ===' as test_section;
                     test_section                      
-------------------------------------------------------
 === Test 4: MODERATE Scenario (Expected: WARNING) ===
(1 row)

SET work_mem = '64MB'; -- Should trigger WARNING for most configurations (>2GB)
SELECT 'Configuration: ' || current_setting('max_connections') || ' connections × 64MB = ' ||
       (current_setting('max_connections')::int * 64 * 4) || 'MB (' ||
       ROUND((current_setting('max_connections')::int * 64 * 4)::numeric / 1024, 1) || 'GB) potential' as calculation;
                            calculation                             
--------------------------------------------------------------------
 Configuration: 100 connections × 64MB = 25600MB (25.0GB) potential
(1 row)

SELECT current_setting('max_connections')::int as test_max_connections,
       current_setting('work_mem') as test_work_mem;
 test_max_connections | test_work_mem 
----------------------+---------------
                  100 | 64MB
(1 row)

SELECT pglinter.perform_cluster_check();
NOTICE:  🔍 pglinter found 1 issue(s):
NOTICE:  ==================================================
NOTICE:  ❌ [C001] ERROR: CRITICAL: Potential memory usage > 8GB (25600MB). max_connections(100) * work_mem(64MB) * 4 operations = 25600MB. Risk of out-of-memory errors.
NOTICE:  ==================================================
NOTICE:  📊 Summary: 1 error(s), 0 warning(s), 0 info
NOTICE:  🔴 Critical issues found - please review and fix errors
 perform_cluster_check 
-----------------------
 t
(1 row)

-- Test 5: MODERATE LOW scenario - Should trigger WARNING or be safe depending on max_connections
SELECT '=== Test 5: MODERATE LOW Scenario ===' as test_section;
             test_section              
---------------------------------------
 === Test 5: MODERATE LOW Scenario ===
(1 row)

SET work_mem = '16MB'; -- Should be safer but may still trigger WARNING
SELECT 'Configuration: ' || current_setting('max_connections') || ' connections × 16MB = ' ||
       (current_setting('max_connections')::int * 16 * 4) || 'MB (' ||
       ROUND((current_setting('max_connections')::int * 16 * 4)::numeric / 1024, 1) || 'GB) potential' as calculation;
                           calculation                            
------------------------------------------------------------------
 Configuration: 100 connections × 16MB = 6400MB (6.3GB) potential
(1 row)

SELECT current_setting('max_connections')::int as test_max_connections,
       current_setting('work_mem') as test_work_mem;
 test_max_connections | test_work_mem 
----------------------+---------------
                  100 | 16MB
(1 row)

SELECT pglinter.perform_cluster_check();
NOTICE:  🔍 pglinter found 1 issue(s):
NOTICE:  ==================================================
NOTICE:  ⚠️  [C001] WARNING: HIGH: Potential memory usage > 4GB (6400MB). max_connections(100) * work_mem(16MB) * 4 operations = 6400MB. Monitor memory usage closely.
NOTICE:  ==================================================
NOTICE:  📊 Summary: 0 error(s), 1 warning(s), 0 info
NOTICE:  🟡 Some warnings found - consider reviewing for optimization
 perform_cluster_check 
-----------------------
 t
(1 row)

-- Test 6: SAFE scenario - Should pass (reasonable configuration)
SELECT '=== Test 6: SAFE Scenario (Expected: No issues) ===' as test_section;
                    test_section                     
-----------------------------------------------------
 === Test 6: SAFE Scenario (Expected: No issues) ===
(1 row)

SET work_mem = '4MB'; -- Should be safe for most configurations
SELECT 'Configuration: ' || current_setting('max_connections') || ' connections × 4MB = ' ||
       (current_setting('max_connections')::int * 4 * 4) || 'MB (' ||
       ROUND((current_setting('max_connections')::int * 4 * 4)::numeric / 1024, 1) || 'GB) potential' as calculation;
                           calculation                           
-----------------------------------------------------------------
 Configuration: 100 connections × 4MB = 1600MB (1.6GB) potential
(1 row)

SELECT current_setting('max_connections')::int as test_max_connections,
       current_setting('work_mem') as test_work_mem;
 test_max_connections | test_work_mem 
----------------------+---------------
                  100 | 4MB
(1 row)

SELECT pglinter.perform_cluster_check();
NOTICE:  ✅ No issues found - database schema looks good!
 perform_cluster_check 
-----------------------
 t
(1 row)

-- Test 7: Edge case - Boundary testing (calculating based on current max_connections)
SELECT '=== Test 7: Boundary Testing ===' as test_section;
           test_section           
----------------------------------
 === Test 7: Boundary Testing ===
(1 row)

-- Calculate work_mem that would give exactly 2GB (2048MB) potential usage
WITH threshold_calc AS (
    SELECT
        current_setting('max_connections')::int as max_conn,
        -- Calculate work_mem needed for exactly 2048MB: 2048 / (max_conn * 4)
        ROUND(2048.0 / (current_setting('max_connections')::int * 4), 0) as work_mem_for_2gb
)
SELECT 'For exactly 2GB threshold with ' || max_conn || ' connections, work_mem would need to be ~' ||
       work_mem_for_2gb || 'MB' as threshold_info
FROM threshold_calc;
                                 threshold_info                                 
--------------------------------------------------------------------------------
 For exactly 2GB threshold with 100 connections, work_mem would need to be ~5MB
(1 row)

-- Test just under 2GB threshold
SET work_mem = '4MB'; -- Should be safe for most configurations
SELECT 'Configuration: ' || current_setting('max_connections') || ' connections × 4MB = ' ||
       (current_setting('max_connections')::int * 4 * 4) || 'MB (should be under 2GB threshold)' as calculation;
                                  calculation                                  
-------------------------------------------------------------------------------
 Configuration: 100 connections × 4MB = 1600MB (should be under 2GB threshold)
(1 row)

SELECT pglinter.perform_cluster_check();
NOTICE:  ✅ No issues found - database schema looks good!
 perform_cluster_check 
-----------------------
 t
(1 row)

-- Test at a higher value that might trigger warning
SET work_mem = '8MB';
SELECT 'Configuration: ' || current_setting('max_connections') || ' connections × 8MB = ' ||
       (current_setting('max_connections')::int * 8 * 4) || 'MB' as calculation;
                  calculation                  
-----------------------------------------------
 Configuration: 100 connections × 8MB = 3200MB
(1 row)

SELECT pglinter.perform_cluster_check();
NOTICE:  🔍 pglinter found 1 issue(s):
NOTICE:  ==================================================
NOTICE:  ⚠️  [C001] WARNING: MODERATE: Potential memory usage > 2GB (3200MB). max_connections(100) * work_mem(8MB) * 4 operations = 3200MB. Consider connection pooling.
NOTICE:  ==================================================
NOTICE:  📊 Summary: 0 error(s), 1 warning(s), 0 info
NOTICE:  🟡 Some warnings found - consider reviewing for optimization
 perform_cluster_check 
-----------------------
 t
(1 row)

-- Test 8: Different memory unit formats
SELECT '=== Test 8: Memory Unit Format Testing ===' as test_section;
                test_section                
--------------------------------------------
 === Test 8: Memory Unit Format Testing ===
(1 row)

-- Test kB format
SET work_mem = '8192kB'; -- 8MB
SELECT 'Configuration: ' || current_setting('max_connections') || ' connections × 8192kB (8MB) = ' ||
       (current_setting('max_connections')::int * 8 * 4) || 'MB' as calculation;
                      calculation                       
--------------------------------------------------------
 Configuration: 100 connections × 8192kB (8MB) = 3200MB
(1 row)

SELECT pglinter.perform_cluster_check();
NOTICE:  🔍 pglinter found 1 issue(s):
NOTICE:  ==================================================
NOTICE:  ⚠️  [C001] WARNING: MODERATE: Potential memory usage > 2GB (3200MB). max_connections(100) * work_mem(8MB) * 4 operations = 3200MB. Consider connection pooling.
NOTICE:  ==================================================
NOTICE:  📊 Summary: 0 error(s), 1 warning(s), 0 info
NOTICE:  🟡 Some warnings found - consider reviewing for optimization
 perform_cluster_check 
-----------------------
 t
(1 row)

-- Test GB format (should trigger error with most configurations)
SET work_mem = '1GB'; -- 1024MB
SELECT 'Configuration: ' || current_setting('max_connections') || ' connections × 1GB (1024MB) = ' ||
       (current_setting('max_connections')::int * 1024 * 4) || 'MB (' ||
       ROUND((current_setting('max_connections')::int * 1024 * 4)::numeric / 1024, 1) || 'GB)' as calculation;
                            calculation                             
--------------------------------------------------------------------
 Configuration: 100 connections × 1GB (1024MB) = 409600MB (400.0GB)
(1 row)

SELECT pglinter.perform_cluster_check();
NOTICE:  🔍 pglinter found 1 issue(s):
NOTICE:  ==================================================
NOTICE:  ❌ [C001] ERROR: CRITICAL: Potential memory usage > 8GB (409600MB). max_connections(100) * work_mem(1GB) * 4 operations = 409600MB. Risk of out-of-memory errors.
NOTICE:  ==================================================
NOTICE:  📊 Summary: 1 error(s), 0 warning(s), 0 info
NOTICE:  🔴 Critical issues found - please review and fix errors
 perform_cluster_check 
-----------------------
 t
(1 row)

-- Test bytes format
SET work_mem = '16777216'; -- 16MB in bytes
SELECT 'Configuration: ' || current_setting('max_connections') || ' connections × 16777216 bytes (16MB) = ' ||
       (current_setting('max_connections')::int * 16 * 4) || 'MB' as calculation;
                           calculation                           
-----------------------------------------------------------------
 Configuration: 100 connections × 16777216 bytes (16MB) = 6400MB
(1 row)

SELECT pglinter.perform_cluster_check();
NOTICE:  🔍 pglinter found 1 issue(s):
NOTICE:  ==================================================
NOTICE:  ❌ [C001] ERROR: CRITICAL: Potential memory usage > 8GB (6553600MB). max_connections(100) * work_mem(16GB) * 4 operations = 6553600MB. Risk of out-of-memory errors.
NOTICE:  ==================================================
NOTICE:  📊 Summary: 1 error(s), 0 warning(s), 0 info
NOTICE:  🔴 Critical issues found - please review and fix errors
 perform_cluster_check 
-----------------------
 t
(1 row)

-- Test 9: Rule management verification
SELECT '=== Test 9: Rule Management ===' as test_section;
          test_section           
---------------------------------
 === Test 9: Rule Management ===
(1 row)

-- Test explain rule
SELECT pglinter.explain_rule('C001') as rule_explanation;
NOTICE:  📖 Rule Explanation for C001
============================================================

🎯 Rule Name: MaxConnectionsByWorkMemIsNotLargerThanMemory
📋 Scope: CLUSTER

📝 Description:
Number of cx (max_connections * work_mem) is not greater than memory.

⚠️  Message Template:
work_mem * max_connections is bigger than ram.

🔧 How to Fix:
   1. downsize max_connections or upsize memory
============================================================
 rule_explanation 
------------------
 t
(1 row)

-- Test disable/enable
SELECT pglinter.disable_rule('C001') as c001_disabled;
NOTICE:  🔴 Rule C001 has been disabled
 c001_disabled 
---------------
 t
(1 row)

SELECT pglinter.is_rule_enabled('C001') as enabled_after_disable;
 enabled_after_disable 
-----------------------
 f
(1 row)

-- Should not trigger any checks when disabled
SET work_mem = '1GB'; -- Use a value that would normally trigger ERROR
SELECT 'Testing with disabled C001 and work_mem=1GB (should show no C001 issues)...' as disabled_test;
                                disabled_test                                
-----------------------------------------------------------------------------
 Testing with disabled C001 and work_mem=1GB (should show no C001 issues)...
(1 row)

SELECT pglinter.perform_cluster_check();
NOTICE:  ✅ No issues found - database schema looks good!
 perform_cluster_check 
-----------------------
 t
(1 row)

-- Re-enable and test again
SELECT pglinter.enable_rule('C001') as c001_re_enabled;
NOTICE:  ✅ Rule C001 has been enabled
 c001_re_enabled 
-----------------
 t
(1 row)

SELECT pglinter.is_rule_enabled('C001') as enabled_after_enable;
 enabled_after_enable 
----------------------
 t
(1 row)

SELECT 'Testing with re-enabled C001 and work_mem=1GB (should show C001 issues again)...' as enabled_test;
                                   enabled_test                                   
----------------------------------------------------------------------------------
 Testing with re-enabled C001 and work_mem=1GB (should show C001 issues again)...
(1 row)

SELECT pglinter.perform_cluster_check();
NOTICE:  🔍 pglinter found 1 issue(s):
NOTICE:  ==================================================
NOTICE:  ❌ [C001] ERROR: CRITICAL: Potential memory usage > 8GB (409600MB). max_connections(100) * work_mem(1GB) * 4 operations = 409600MB. Risk of out-of-memory errors.
NOTICE:  ==================================================
NOTICE:  📊 Summary: 1 error(s), 0 warning(s), 0 info
NOTICE:  🔴 Critical issues found - please review and fix errors
 perform_cluster_check 
-----------------------
 t
(1 row)

ROLLBACK;
