-- Demo script for the new rule level management functions
-- This script demonstrates how to get and update warning_level and error_level for rules
\echo 'Testing rule level management functions...'
Testing rule level management functions...
-- First, let's see the current levels for T005
\echo 'Current T005 rule levels:'
Current T005 rule levels:
SELECT pglinter.get_rule_levels('T005') as current_levels;
ERROR:  schema "pglinter" does not exist
LINE 1: SELECT pglinter.get_rule_levels('T005') as current_levels;
               ^
-- Let's also check a few other rules
\echo 'Current levels for some rules:'
Current levels for some rules:
SELECT
    code,
    pglinter.get_rule_levels(code) as levels
FROM pglinter.list_rules()
WHERE code IN ('B001', 'T001', 'T005', 'C001')
ORDER BY code;
ERROR:  schema "pglinter" does not exist
LINE 4: FROM pglinter.list_rules()
             ^
-- Update T005 to have different thresholds
\echo 'Updating T005 warning level to 25 and error level to 75:'
Updating T005 warning level to 25 and error level to 75:
SELECT pglinter.update_rule_levels('T005', 25, 75) as update_success;
ERROR:  schema "pglinter" does not exist
LINE 1: SELECT pglinter.update_rule_levels('T005', 25, 75) as update...
               ^
-- Verify the update
\echo 'T005 levels after update:'
T005 levels after update:
SELECT pglinter.get_rule_levels('T005') as updated_levels;
ERROR:  schema "pglinter" does not exist
LINE 1: SELECT pglinter.get_rule_levels('T005') as updated_levels;
               ^
-- Update only the warning level of B001
\echo 'Updating only B001 warning level to 5:'
Updating only B001 warning level to 5:
SELECT pglinter.update_rule_levels('B001', 5, NULL) as update_success;
ERROR:  schema "pglinter" does not exist
LINE 1: SELECT pglinter.update_rule_levels('B001', 5, NULL) as updat...
               ^
-- Verify B001 update
\echo 'B001 levels after warning level update:'
B001 levels after warning level update:
SELECT pglinter.get_rule_levels('B001') as updated_levels;
ERROR:  schema "pglinter" does not exist
LINE 1: SELECT pglinter.get_rule_levels('B001') as updated_levels;
               ^
-- Update only the error level of T001
\echo 'Updating only T001 error level to 3:'
Updating only T001 error level to 3:
SELECT pglinter.update_rule_levels('T001', NULL, 3) as update_success;
ERROR:  schema "pglinter" does not exist
LINE 1: SELECT pglinter.update_rule_levels('T001', NULL, 3) as updat...
               ^
-- Verify T001 update
\echo 'T001 levels after error level update:'
T001 levels after error level update:
SELECT pglinter.get_rule_levels('T001') as updated_levels;
ERROR:  schema "pglinter" does not exist
LINE 1: SELECT pglinter.get_rule_levels('T001') as updated_levels;
               ^
-- Try to update a non-existent rule
\echo 'Trying to update non-existent rule (should return false):'
Trying to update non-existent rule (should return false):
SELECT pglinter.update_rule_levels('NONEXISTENT', 10, 20) as should_be_false;
ERROR:  schema "pglinter" does not exist
LINE 1: SELECT pglinter.update_rule_levels('NONEXISTENT', 10, 20) as...
               ^
-- Show all updated levels
\echo 'All rule levels after updates:'
All rule levels after updates:
SELECT
    code,
    pglinter.get_rule_levels(code) as levels
FROM pglinter.list_rules()
ORDER BY code;
ERROR:  schema "pglinter" does not exist
LINE 4: FROM pglinter.list_rules()
             ^
-- You can also query the rules table directly to see the raw values
\echo 'Raw warning_level and error_level from rules table:'
Raw warning_level and error_level from rules table:
SELECT code, name, warning_level, error_level, enable
FROM pglinter.rules
WHERE code IN ('B001', 'T001', 'T005', 'C001')
ORDER BY code;
ERROR:  relation "pglinter.rules" does not exist
LINE 2: FROM pglinter.rules
             ^
\echo 'Rule level management demo completed!'
Rule level management demo completed!
\echo ''

\echo 'Usage Summary:'
Usage Summary:
\echo '  - Get levels: SELECT pglinter.get_rule_levels(''RULE_CODE'');'
  - Get levels: SELECT pglinter.get_rule_levels('RULE_CODE');
\echo '  - Update both: SELECT pglinter.update_rule_levels(''RULE_CODE'', warning, error);'
  - Update both: SELECT pglinter.update_rule_levels('RULE_CODE', warning, error);
\echo '  - Update warning only: SELECT pglinter.update_rule_levels(''RULE_CODE'', warning, NULL);'
  - Update warning only: SELECT pglinter.update_rule_levels('RULE_CODE', warning, NULL);
\echo '  - Update error only: SELECT pglinter.update_rule_levels(''RULE_CODE'', NULL, error);'
  - Update error only: SELECT pglinter.update_rule_levels('RULE_CODE', NULL, error);
\echo ''

\echo 'Note: Changes affect rule behavior immediately. Higher values mean more permissive thresholds.'
Note: Changes affect rule behavior immediately. Higher values mean more permissive thresholds.
