-- Test for pglinter T003 rule: Tables with redundant indexes (minimal test)
BEGIN;
-- Create one simple test table
CREATE TABLE test_redundant (
    id INT PRIMARY KEY,
    first_name VARCHAR(100),
    last_name VARCHAR(100),
    tel TEXT
);
-- Create two identical indexes (redundant)
CREATE INDEX idx_name_1 ON test_redundant (first_name);
CREATE INDEX idx_name_2 ON test_redundant (first_name,last_name);
CREATE INDEX idx_name_3 ON test_redundant (first_name,last_name,tel);
CREATE INDEX idx_name_4 ON test_redundant (tel,last_name);
CREATE EXTENSION IF NOT EXISTS pglinter;
-- Enable only T003
SELECT pglinter.disable_all_rules();
NOTICE:  üî¥ Disabled 22 rule(s)
 disable_all_rules 
-------------------
                22
(1 row)

SELECT pglinter.enable_rule('T003');
NOTICE:  ‚úÖ Rule T003 has been enabled
 enable_rule 
-------------
 t
(1 row)

-- Test T003
SELECT pglinter.perform_table_check();
NOTICE:  üîç pglinter found 1 issue(s):
NOTICE:  ==================================================
NOTICE:  ‚ö†Ô∏è  [T003] WARNING: Found 3 redundant idx in table: public.test_redundant (redundant index: idx_name_1, superset: idx_name_3), public.test_redundant (redundant index: idx_name_1, superset: idx_name_2), public.test_redundant (redundant index: idx_name_2, superset: idx_name_3)
NOTICE:  ==================================================
NOTICE:  üìä Summary: 0 error(s), 1 warning(s), 0 info
NOTICE:  üü° Some warnings found - consider reviewing for optimization
 perform_table_check 
---------------------
 t
(1 row)

-- Cleanup
DROP TABLE test_redundant CASCADE;
ROLLBACK;
